2026-08-12T14:00:00Z INFO cache hit
2026-08-12T14:01:07Z INFO user session validated
2026-08-12T14:02:14Z INFO cache hit
2026-08-12T14:03:21Z INFO payment authorized
2026-08-12T14:04:28Z INFO payment authorized
2026-08-12T14:05:35Z INFO request handled
2026-08-12T14:06:42Z INFO request handled
2026-08-12T14:07:49Z INFO request handled
2026-08-12T14:08:56Z INFO order persisted
2026-08-12T14:09:03Z INFO order persisted
2026-08-12T14:10:10Z INFO user session validated
2026-08-12T14:11:17Z INFO user session validated
2026-08-12T14:12:24Z INFO request handled
2026-08-12T14:13:31Z INFO user session validated
2026-08-12T14:14:38Z INFO order persisted
2026-08-12T14:15:45Z INFO payment authorized
2026-08-12T14:16:52Z INFO order persisted
2026-08-12T14:17:59Z INFO payment authorized
2026-08-12T14:18:06Z INFO request handled
2026-08-12T14:19:13Z INFO request handled
2026-08-12T14:20:20Z INFO user session validated
2026-08-12T14:21:27Z INFO payment authorized
2026-08-12T14:22:34Z INFO request handled
2026-08-12T14:23:41Z INFO request handled
2026-08-12T14:24:48Z INFO request handled
2026-08-12T14:25:55Z INFO request handled
2026-08-12T14:26:02Z INFO request handled
2026-08-12T14:27:09Z INFO request handled
2026-08-12T14:28:16Z INFO user session validated
2026-08-12T14:29:23Z INFO request handled
2026-08-12T14:30:30Z INFO order persisted
2026-08-12T14:31:37Z INFO request handled
2026-08-12T14:32:44Z INFO payment authorized
2026-08-12T14:33:51Z INFO user session validated
2026-08-12T14:34:58Z INFO request handled
2026-08-12T14:35:05Z INFO payment authorized
2026-08-12T14:36:12Z INFO request handled
2026-08-12T14:37:19Z INFO user session validated
2026-08-12T14:38:26Z INFO request handled
2026-08-12T14:39:33Z INFO payment authorized
2026-08-12T14:40:40Z INFO user session validated
2026-08-12T14:41:47Z INFO cache hit
2026-08-12T14:42:54Z INFO order persisted
2026-08-12T14:43:01Z INFO request handled
2026-08-12T14:44:08Z INFO payment authorized
2026-08-12T14:45:15Z INFO request handled
2026-08-12T14:46:22Z INFO cache hit
2026-08-12T14:47:29Z INFO user session validated
2026-08-12T14:48:36Z INFO cache hit
2026-08-12T14:49:43Z INFO request handled
2026-08-12T14:50:50Z INFO cache hit
2026-08-12T14:51:57Z INFO payment authorized
2026-08-12T14:52:04Z INFO payment authorized
2026-08-12T14:53:11Z INFO payment authorized
2026-08-12T14:54:18Z INFO request handled
2026-08-12T14:55:25Z INFO cache hit
2026-08-12T14:56:32Z INFO payment authorized
2026-08-12T14:57:39Z INFO payment authorized
2026-08-12T14:58:46Z INFO order persisted
2026-08-12T14:59:53Z INFO user session validated
2026-08-12T14:00:00Z INFO cache hit
2026-08-12T14:01:07Z INFO payment authorized
2026-08-12T14:02:14Z INFO order persisted
2026-08-12T14:03:21Z INFO user session validated
2026-08-12T14:04:28Z INFO request handled
2026-08-12T14:05:35Z INFO payment authorized
2026-08-12T14:06:42Z INFO user session validated
2026-08-12T14:07:49Z INFO request handled
2026-08-12T14:08:56Z INFO payment authorized
2026-08-12T14:09:03Z INFO cache hit
2026-08-12T14:10:10Z INFO cache hit
2026-08-12T14:11:17Z INFO request handled
2026-08-12T14:12:24Z INFO cache hit
2026-08-12T14:13:31Z INFO cache hit
2026-08-12T14:14:38Z INFO cache hit
2026-08-12T14:15:45Z INFO request handled
2026-08-12T14:16:52Z INFO cache hit
2026-08-12T14:17:59Z INFO request handled
2026-08-12T14:18:06Z INFO payment authorized
2026-08-12T14:19:13Z INFO order persisted
2026-08-12T14:20:20Z INFO cache hit
2026-08-12T14:21:27Z INFO user session validated
2026-08-12T14:22:34Z INFO user session validated
2026-08-12T14:23:41Z INFO request handled
2026-08-12T14:24:48Z INFO cache hit
2026-08-12T14:25:55Z INFO payment authorized
2026-08-12T14:26:02Z INFO order persisted
2026-08-12T14:27:09Z INFO user session validated
2026-08-12T14:28:16Z INFO order persisted
2026-08-12T14:29:23Z INFO order persisted
2026-08-12T14:30:00Z ERROR database connection pool exhausted
2026-08-12T14:31:03Z ERROR database connection pool exhausted
2026-08-12T14:32:06Z ERROR database connection pool exhausted
2026-08-12T14:33:09Z ERROR database connection pool exhausted
2026-08-12T14:34:12Z ERROR database connection pool exhausted
2026-08-12T14:35:15Z ERROR database connection pool exhausted
2026-08-12T14:36:18Z ERROR database connection pool exhausted
2026-08-12T14:37:21Z ERROR database connection pool exhausted
2026-08-12T14:38:24Z ERROR database connection pool exhausted
2026-08-12T14:39:27Z ERROR database connection pool exhausted
2026-08-12T14:40:30Z ERROR database connection pool exhausted
2026-08-12T14:41:33Z ERROR database connection pool exhausted
2026-08-12T14:42:36Z ERROR database connection pool exhausted
2026-08-12T14:43:39Z ERROR database connection pool exhausted
2026-08-12T14:44:42Z ERROR database connection pool exhausted
2026-08-12T14:45:45Z ERROR database connection pool exhausted
2026-08-12T14:46:48Z ERROR database connection pool exhausted
2026-08-12T14:47:51Z ERROR database connection pool exhausted
2026-08-12T14:48:54Z ERROR database connection pool exhausted
2026-08-12T14:49:57Z ERROR database connection pool exhausted
2026-08-12T14:50:00Z ERROR database connection pool exhausted
2026-08-12T14:51:03Z ERROR database connection pool exhausted
