2026-08-12T14:00:00Z INFO user session validated
2026-08-12T14:01:07Z INFO cache hit
2026-08-12T14:02:14Z INFO payment authorized
2026-08-12T14:03:21Z INFO request handled
2026-08-12T14:04:28Z INFO request handled
2026-08-12T14:05:35Z INFO request handled
2026-08-12T14:06:42Z INFO order persisted
2026-08-12T14:07:49Z INFO request handled
2026-08-12T14:08:56Z INFO user session validated
2026-08-12T14:09:03Z INFO order persisted
2026-08-12T14:10:10Z INFO request handled
2026-08-12T14:11:17Z INFO order persisted
2026-08-12T14:12:24Z INFO cache hit
2026-08-12T14:13:31Z INFO request handled
2026-08-12T14:14:38Z INFO request handled
2026-08-12T14:15:45Z INFO payment authorized
2026-08-12T14:16:52Z INFO payment authorized
2026-08-12T14:17:59Z INFO request handled
2026-08-12T14:18:06Z INFO cache hit
2026-08-12T14:19:13Z INFO request handled
2026-08-12T14:20:20Z INFO order persisted
2026-08-12T14:21:27Z INFO payment authorized
2026-08-12T14:22:34Z INFO request handled
2026-08-12T14:23:41Z INFO order persisted
2026-08-12T14:24:48Z INFO request handled
2026-08-12T14:25:55Z INFO cache hit
2026-08-12T14:26:02Z INFO request handled
2026-08-12T14:27:09Z INFO request handled
2026-08-12T14:28:16Z INFO order persisted
2026-08-12T14:29:23Z INFO request handled
2026-08-12T14:30:30Z INFO order persisted
2026-08-12T14:31:37Z INFO order persisted
2026-08-12T14:32:44Z INFO payment authorized
2026-08-12T14:33:51Z INFO request handled
2026-08-12T14:34:58Z INFO cache hit
2026-08-12T14:35:05Z INFO request handled
2026-08-12T14:36:12Z INFO order persisted
2026-08-12T14:37:19Z INFO cache hit
2026-08-12T14:38:26Z INFO user session validated
2026-08-12T14:39:33Z INFO payment authorized
2026-08-12T14:40:40Z INFO cache hit
2026-08-12T14:41:47Z INFO order persisted
2026-08-12T14:42:54Z INFO request handled
2026-08-12T14:43:01Z INFO order persisted
2026-08-12T14:44:08Z INFO user session validated
2026-08-12T14:45:15Z INFO order persisted
2026-08-12T14:46:22Z INFO request handled
2026-08-12T14:47:29Z INFO cache hit
2026-08-12T14:48:36Z INFO request handled
2026-08-12T14:49:43Z INFO order persisted
2026-08-12T14:50:50Z INFO order persisted
2026-08-12T14:51:57Z INFO request handled
2026-08-12T14:52:04Z INFO cache hit
2026-08-12T14:53:11Z INFO user session validated
2026-08-12T14:54:18Z INFO request handled
2026-08-12T14:55:25Z INFO order persisted
2026-08-12T14:56:32Z INFO request handled
2026-08-12T14:57:39Z INFO request handled
2026-08-12T14:58:46Z INFO order persisted
2026-08-12T14:59:53Z INFO request handled
2026-08-12T14:00:00Z INFO order persisted
2026-08-12T14:01:07Z INFO cache hit
2026-08-12T14:02:14Z INFO payment authorized
2026-08-12T14:03:21Z INFO request handled
2026-08-12T14:04:28Z INFO order persisted
2026-08-12T14:05:35Z INFO payment authorized
2026-08-12T14:06:42Z INFO user session validated
2026-08-12T14:07:49Z INFO payment authorized
2026-08-12T14:08:56Z INFO order persisted
2026-08-12T14:09:03Z INFO payment authorized
2026-08-12T14:10:10Z INFO user session validated
2026-08-12T14:11:17Z INFO user session validated
2026-08-12T14:12:24Z INFO cache hit
2026-08-12T14:13:31Z INFO cache hit
2026-08-12T14:14:38Z INFO request handled
2026-08-12T14:15:45Z INFO cache hit
2026-08-12T14:16:52Z INFO request handled
2026-08-12T14:17:59Z INFO order persisted
2026-08-12T14:18:06Z INFO user session validated
2026-08-12T14:19:13Z INFO order persisted
2026-08-12T14:20:20Z INFO payment authorized
2026-08-12T14:21:27Z INFO user session validated
2026-08-12T14:22:34Z INFO request handled
2026-08-12T14:23:41Z INFO payment authorized
2026-08-12T14:24:48Z INFO user session validated
2026-08-12T14:25:55Z INFO order persisted
2026-08-12T14:26:02Z INFO request handled
2026-08-12T14:27:09Z INFO request handled
2026-08-12T14:28:16Z INFO order persisted
2026-08-12T14:29:23Z INFO payment authorized
